// Jest Snapshot v1, https://goo.gl/fbAQLP

exports[`ReadableOutput should match snapshot 1`] = `
<p>
  Some date format
</p>
`;
